// Jest Snapshot v1, https://goo.gl/fbAQLP

exports[`class component check 1`] = `ShallowWrapper {}`;
